// Jest Snapshot v1, https://goo.gl/fbAQLP

exports[`Server Dockerfile content, Node.js version, and package installation match snapshot 1`] = `"v14.21.3"`;
